{
  "_id": "61684d0f675129f68ed32af0",
  "index": 0,
  "guid": "436dff3f-0f5b-4924-b57a-b98b211ea066",
  "isActive": false,
  "balance": "$2,467.11"
}
