{ "a": 1, "b": "stng", "c": [1, 2, 3, 4], "d": { "a": 1, "c": [1, 2, 3, 4] } }
