{"a":1,"b":"string","c":[1,2,3,4],"d":{"a":1,"c":[1,2,3,4]}}